// Vitest Snapshot v1, https://vitest.dev/guide/snapshot.html

exports[`should render gallery 1`] = `
<div>
  <div
    class="_container_651eac"
  >
    <div
      class="_card_651eac _statusAlive_651eac"
    >
      <p>
        <a
          class="_link_651eac"
          href="/characters/1"
        >
          1
           - 
          Rick Sanchez
        </a>
      </p>
      <img
        alt=""
        class="_image_651eac"
        height="200"
        src="1.jpeg"
        width="200"
      />
    </div>
    <div
      class="_card_651eac _statusDead_651eac"
    >
      <p>
        <a
          class="_link_651eac"
          href="/characters/2"
        >
          2
           - 
          Morty Smith
        </a>
      </p>
      <img
        alt=""
        class="_image_651eac"
        height="200"
        src="2.jpeg"
        width="200"
      />
    </div>
    <div
      class="_card_651eac _statusUnknown_651eac"
    >
      <p>
        <a
          class="_link_651eac"
          href="/characters/3"
        >
          3
           - 
          Summer Smith
        </a>
      </p>
      <img
        alt=""
        class="_image_651eac"
        height="200"
        src="3.jpeg"
        width="200"
      />
    </div>
  </div>
  <div
    class="_pagination_4a2aa2"
  >
    <button
      disabled=""
    >
      Previous
    </button>
    <div
      class="_pageNumber_4a2aa2"
    >
      page 
      1
       of 
      1
    </div>
    <button
      disabled=""
    >
      Next
    </button>
  </div>
</div>
`;
