// Vitest Snapshot v1, https://vitest.dev/guide/snapshot.html

exports[`should render gallery 1`] = `
<div>
  <div
    class="_container_de8620"
  >
    <div
      class="_card_de8620 _statusAlive_de8620"
    >
      <p>
        <a
          class="_link_de8620"
          href="/characters/1"
        >
          1
           - 
          Rick Sanchez
        </a>
      </p>
      <img
        alt=""
        class="_image_de8620"
        height="200"
        src="1.jpeg"
        width="200"
      />
    </div>
    <div
      class="_card_de8620 _statusDead_de8620"
    >
      <p>
        <a
          class="_link_de8620"
          href="/characters/2"
        >
          2
           - 
          Morty Smith
        </a>
      </p>
      <img
        alt=""
        class="_image_de8620"
        height="200"
        src="2.jpeg"
        width="200"
      />
    </div>
    <div
      class="_card_de8620 _statusUnknown_de8620"
    >
      <p>
        <a
          class="_link_de8620"
          href="/characters/3"
        >
          3
           - 
          Summer Smith
        </a>
      </p>
      <img
        alt=""
        class="_image_de8620"
        height="200"
        src="3.jpeg"
        width="200"
      />
    </div>
  </div>
  <div
    class="_pagination_de4934"
  >
    <button
      disabled=""
    >
      Previous
    </button>
    <div
      class="_pageNumber_de4934"
    >
      page 
      1
       of 
      1
    </div>
    <button
      disabled=""
    >
      Next
    </button>
  </div>
</div>
`;
